// Jest Snapshot v1, https://goo.gl/fbAQLP

exports[`logging mode should build a resource log node element 1`] = `Promise {}`;

exports[`logging mode should render a tab entity for the resource log 1`] = `
Object {
  "content": Promise {},
  "label": "Logs",
  "mode": "logging",
  "order": 3,
}
`;
