// Jest Snapshot v1, https://goo.gl/fbAQLP

exports[`Resource helper getAge should get the age of mock-name from the moment it was created (2019-09-17T18:00:29Z) 1`] = `"7 months ago"`;

exports[`Resource helper getAge should get the age of mock-name2 from the moment it was created (2019-09-17T18:00:29Z) 1`] = `"7 months ago"`;

exports[`Resource helper getAge should get the age of mock-name2 from the moment it was last scheduled (2019-09-17T18:00:29Z) 1`] = `"7 months ago"`;

exports[`Resource helper getAge should get the age of mock-name3 from the moment it was created (2019-09-17T18:00:29Z) 1`] = `"7 months ago"`;

exports[`Resource helper getAge should get the age of mock-name3 from the moment it was updated (2019-09-17T18:00:29Z) 1`] = `"7 months ago"`;
